Archive member included to satisfy reference by file (symbol)

C:/Users/molav/Apps/STM32CubeIDE_1.17.0/STM32CubeIDE/plugins/com.st.stm32cube.ide.mcu.externaltools.gnu-tools-for-stm32.12.3.rel1.win32_1.1.0.202410251130/tools/bin/../lib/gcc/arm-none-eabi/12.3.1/../../../../arm-none-eabi/lib/thumb/v8-m.main+fp/hard\libc_nano.a(libc_a-exit.o)
                              C:/Users/molav/Apps/STM32CubeIDE_1.17.0/STM32CubeIDE/plugins/com.st.stm32cube.ide.mcu.externaltools.gnu-tools-for-stm32.12.3.rel1.win32_1.1.0.202410251130/tools/bin/../lib/gcc/arm-none-eabi/12.3.1/../../../../arm-none-eabi/lib/thumb/v8-m.main+fp/hard/crt0.o (exit)
C:/Users/molav/Apps/STM32CubeIDE_1.17.0/STM32CubeIDE/plugins/com.st.stm32cube.ide.mcu.externaltools.gnu-tools-for-stm32.12.3.rel1.win32_1.1.0.202410251130/tools/bin/../lib/gcc/arm-none-eabi/12.3.1/../../../../arm-none-eabi/lib/thumb/v8-m.main+fp/hard\libc_nano.a(libc_a-findfp.o)
                              C:/Users/molav/Apps/STM32CubeIDE_1.17.0/STM32CubeIDE/plugins/com.st.stm32cube.ide.mcu.externaltools.gnu-tools-for-stm32.12.3.rel1.win32_1.1.0.202410251130/tools/bin/../lib/gcc/arm-none-eabi/12.3.1/../../../../arm-none-eabi/lib/thumb/v8-m.main+fp/hard\libc_nano.a(libc_a-exit.o) (__stdio_exit_handler)
C:/Users/molav/Apps/STM32CubeIDE_1.17.0/STM32CubeIDE/plugins/com.st.stm32cube.ide.mcu.externaltools.gnu-tools-for-stm32.12.3.rel1.win32_1.1.0.202410251130/tools/bin/../lib/gcc/arm-none-eabi/12.3.1/../../../../arm-none-eabi/lib/thumb/v8-m.main+fp/hard\libc_nano.a(libc_a-fwalk.o)
                              C:/Users/molav/Apps/STM32CubeIDE_1.17.0/STM32CubeIDE/plugins/com.st.stm32cube.ide.mcu.externaltools.gnu-tools-for-stm32.12.3.rel1.win32_1.1.0.202410251130/tools/bin/../lib/gcc/arm-none-eabi/12.3.1/../../../../arm-none-eabi/lib/thumb/v8-m.main+fp/hard\libc_nano.a(libc_a-findfp.o) (_fwalk_sglue)
C:/Users/molav/Apps/STM32CubeIDE_1.17.0/STM32CubeIDE/plugins/com.st.stm32cube.ide.mcu.externaltools.gnu-tools-for-stm32.12.3.rel1.win32_1.1.0.202410251130/tools/bin/../lib/gcc/arm-none-eabi/12.3.1/../../../../arm-none-eabi/lib/thumb/v8-m.main+fp/hard\libc_nano.a(libc_a-stdio.o)
                              C:/Users/molav/Apps/STM32CubeIDE_1.17.0/STM32CubeIDE/plugins/com.st.stm32cube.ide.mcu.externaltools.gnu-tools-for-stm32.12.3.rel1.win32_1.1.0.202410251130/tools/bin/../lib/gcc/arm-none-eabi/12.3.1/../../../../arm-none-eabi/lib/thumb/v8-m.main+fp/hard\libc_nano.a(libc_a-findfp.o) (__sread)
C:/Users/molav/Apps/STM32CubeIDE_1.17.0/STM32CubeIDE/plugins/com.st.stm32cube.ide.mcu.externaltools.gnu-tools-for-stm32.12.3.rel1.win32_1.1.0.202410251130/tools/bin/../lib/gcc/arm-none-eabi/12.3.1/../../../../arm-none-eabi/lib/thumb/v8-m.main+fp/hard\libc_nano.a(libc_a-memset.o)
                              C:/Users/molav/Apps/STM32CubeIDE_1.17.0/STM32CubeIDE/plugins/com.st.stm32cube.ide.mcu.externaltools.gnu-tools-for-stm32.12.3.rel1.win32_1.1.0.202410251130/tools/bin/../lib/gcc/arm-none-eabi/12.3.1/../../../../arm-none-eabi/lib/thumb/v8-m.main+fp/hard/crt0.o (memset)
C:/Users/molav/Apps/STM32CubeIDE_1.17.0/STM32CubeIDE/plugins/com.st.stm32cube.ide.mcu.externaltools.gnu-tools-for-stm32.12.3.rel1.win32_1.1.0.202410251130/tools/bin/../lib/gcc/arm-none-eabi/12.3.1/../../../../arm-none-eabi/lib/thumb/v8-m.main+fp/hard\libc_nano.a(libc_a-closer.o)
                              C:/Users/molav/Apps/STM32CubeIDE_1.17.0/STM32CubeIDE/plugins/com.st.stm32cube.ide.mcu.externaltools.gnu-tools-for-stm32.12.3.rel1.win32_1.1.0.202410251130/tools/bin/../lib/gcc/arm-none-eabi/12.3.1/../../../../arm-none-eabi/lib/thumb/v8-m.main+fp/hard\libc_nano.a(libc_a-stdio.o) (_close_r)
C:/Users/molav/Apps/STM32CubeIDE_1.17.0/STM32CubeIDE/plugins/com.st.stm32cube.ide.mcu.externaltools.gnu-tools-for-stm32.12.3.rel1.win32_1.1.0.202410251130/tools/bin/../lib/gcc/arm-none-eabi/12.3.1/../../../../arm-none-eabi/lib/thumb/v8-m.main+fp/hard\libc_nano.a(libc_a-reent.o)
                              C:/Users/molav/Apps/STM32CubeIDE_1.17.0/STM32CubeIDE/plugins/com.st.stm32cube.ide.mcu.externaltools.gnu-tools-for-stm32.12.3.rel1.win32_1.1.0.202410251130/tools/bin/../lib/gcc/arm-none-eabi/12.3.1/../../../../arm-none-eabi/lib/thumb/v8-m.main+fp/hard\libc_nano.a(libc_a-closer.o) (errno)
C:/Users/molav/Apps/STM32CubeIDE_1.17.0/STM32CubeIDE/plugins/com.st.stm32cube.ide.mcu.externaltools.gnu-tools-for-stm32.12.3.rel1.win32_1.1.0.202410251130/tools/bin/../lib/gcc/arm-none-eabi/12.3.1/../../../../arm-none-eabi/lib/thumb/v8-m.main+fp/hard\libc_nano.a(libc_a-impure.o)
                              C:/Users/molav/Apps/STM32CubeIDE_1.17.0/STM32CubeIDE/plugins/com.st.stm32cube.ide.mcu.externaltools.gnu-tools-for-stm32.12.3.rel1.win32_1.1.0.202410251130/tools/bin/../lib/gcc/arm-none-eabi/12.3.1/../../../../arm-none-eabi/lib/thumb/v8-m.main+fp/hard\libc_nano.a(libc_a-reent.o) (_impure_ptr)
[...]
Memory Configuration

Name             Origin             Length             Attributes
RAM              0x20000000         0x000c0000         xrw
SRAM4            0x28000000         0x00004000         xrw
FLASH            0x08000000         0x0001e000         xr
*default*        0x00000000         0xffffffff

Linker script and memory map

LOAD C:/Users/molav/Apps/STM32CubeIDE_1.17.0/STM32CubeIDE/plugins/com.st.stm32cube.ide.mcu.externaltools.gnu-tools-for-stm32.12.3.rel1.win32_1.1.0.202410251130/tools/bin/../lib/gcc/arm-none-eabi/12.3.1/thumb/v8-m.main+fp/hard/crti.o
LOAD C:/Users/molav/Apps/STM32CubeIDE_1.17.0/STM32CubeIDE/plugins/com.st.stm32cube.ide.mcu.externaltools.gnu-tools-for-stm32.12.3.rel1.win32_1.1.0.202410251130/tools/bin/../lib/gcc/arm-none-eabi/12.3.1/thumb/v8-m.main+fp/hard/crtbegin.o
LOAD C:/Users/molav/Apps/STM32CubeIDE_1.17.0/STM32CubeIDE/plugins/com.st.stm32cube.ide.mcu.externaltools.gnu-tools-for-stm32.12.3.rel1.win32_1.1.0.202410251130/tools/bin/../lib/gcc/arm-none-eabi/12.3.1/../../../../arm-none-eabi/lib/thumb/v8-m.main+fp/hard/crt0.o
LOAD ./Core/Src/flash_util.o
LOAD ./Core/Src/main.o
LOAD ./Core/Src/stm32u5xx_hal_msp.o
LOAD ./Core/Src/stm32u5xx_hal_timebase_tim.o
LOAD ./Core/Src/stm32u5xx_it.o
LOAD ./Core/Src/syscalls.o
LOAD ./Core/Src/sysmem.o
LOAD ./Core/Src/system_stm32u5xx.o
LOAD ./Core/Startup/startup_stm32u575zitxq.o
LOAD ./Drivers/BSP/STM32U5xx_Nucleo/stm32u5xx_nucleo.o
LOAD ./Drivers/STM32U5xx_HAL_Driver/Src/stm32u5xx_hal.o
LOAD ./Drivers/STM32U5xx_HAL_Driver/Src/stm32u5xx_hal_cortex.o
LOAD ./Drivers/STM32U5xx_HAL_Driver/Src/stm32u5xx_hal_dma.o
LOAD ./Drivers/STM32U5xx_HAL_Driver/Src/stm32u5xx_hal_dma_ex.o
LOAD ./Drivers/STM32U5xx_HAL_Driver/Src/stm32u5xx_hal_exti.o
LOAD ./Drivers/STM32U5xx_HAL_Driver/Src/stm32u5xx_hal_fdcan.o
LOAD ./Drivers/STM32U5xx_HAL_Driver/Src/stm32u5xx_hal_flash.o
LOAD ./Drivers/STM32U5xx_HAL_Driver/Src/stm32u5xx_hal_flash_ex.o
LOAD ./Drivers/STM32U5xx_HAL_Driver/Src/stm32u5xx_hal_gpio.o
LOAD ./Drivers/STM32U5xx_HAL_Driver/Src/stm32u5xx_hal_gtzc.o
LOAD ./Drivers/STM32U5xx_HAL_Driver/Src/stm32u5xx_hal_i2c.o
LOAD ./Drivers/STM32U5xx_HAL_Driver/Src/stm32u5xx_hal_i2c_ex.o
LOAD ./Drivers/STM32U5xx_HAL_Driver/Src/stm32u5xx_hal_icache.o
LOAD ./Drivers/STM32U5xx_HAL_Driver/Src/stm32u5xx_hal_pwr.o
LOAD ./Drivers/STM32U5xx_HAL_Driver/Src/stm32u5xx_hal_pwr_ex.o
LOAD ./Drivers/STM32U5xx_HAL_Driver/Src/stm32u5xx_hal_rcc.o
LOAD ./Drivers/STM32U5xx_HAL_Driver/Src/stm32u5xx_hal_rcc_ex.o
LOAD ./Drivers/STM32U5xx_HAL_Driver/Src/stm32u5xx_hal_tim.o
LOAD ./Drivers/STM32U5xx_HAL_Driver/Src/stm32u5xx_hal_tim_ex.o
LOAD ./Drivers/STM32U5xx_HAL_Driver/Src/stm32u5xx_hal_uart.o
LOAD ./Drivers/STM32U5xx_HAL_Driver/Src/stm32u5xx_hal_uart_ex.o
LOAD ./Drivers/STM32U5xx_HAL_Driver/Src/stm32u5xx_hal_usart.o
LOAD ./Drivers/STM32U5xx_HAL_Driver/Src/stm32u5xx_hal_usart_ex.o
START GROUP
LOAD C:/Users/molav/Apps/STM32CubeIDE_1.17.0/STM32CubeIDE/plugins/com.st.stm32cube.ide.mcu.externaltools.gnu-tools-for-stm32.12.3.rel1.win32_1.1.0.202410251130/tools/bin/../lib/gcc/arm-none-eabi/12.3.1/../../../../arm-none-eabi/lib/thumb/v8-m.main+fp/hard\libc_nano.a
LOAD C:/Users/molav/Apps/STM32CubeIDE_1.17.0/STM32CubeIDE/plugins/com.st.stm32cube.ide.mcu.externaltools.gnu-tools-for-stm32.12.3.rel1.win32_1.1.0.202410251130/tools/bin/../lib/gcc/arm-none-eabi/12.3.1/../../../../arm-none-eabi/lib/thumb/v8-m.main+fp/hard\libm.a
END GROUP
START GROUP
LOAD C:/Users/molav/Apps/STM32CubeIDE_1.17.0/STM32CubeIDE/plugins/com.st.stm32cube.ide.mcu.externaltools.gnu-tools-for-stm32.12.3.rel1.win32_1.1.0.202410251130/tools/bin/../lib/gcc/arm-none-eabi/12.3.1/thumb/v8-m.main+fp/hard\libgcc.a
LOAD C:/Users/molav/Apps/STM32CubeIDE_1.17.0/STM32CubeIDE/plugins/com.st.stm32cube.ide.mcu.externaltools.gnu-tools-for-stm32.12.3.rel1.win32_1.1.0.202410251130/tools/bin/../lib/gcc/arm-none-eabi/12.3.1/../../../../arm-none-eabi/lib/thumb/v8-m.main+fp/hard\libc_nano.a
END GROUP
START GROUP
LOAD C:/Users/molav/Apps/STM32CubeIDE_1.17.0/STM32CubeIDE/plugins/com.st.stm32cube.ide.mcu.externaltools.gnu-tools-for-stm32.12.3.rel1.win32_1.1.0.202410251130/tools/bin/../lib/gcc/arm-none-eabi/12.3.1/thumb/v8-m.main+fp/hard\libgcc.a
LOAD C:/Users/molav/Apps/STM32CubeIDE_1.17.0/STM32CubeIDE/plugins/com.st.stm32cube.ide.mcu.externaltools.gnu-tools-for-stm32.12.3.rel1.win32_1.1.0.202410251130/tools/bin/../lib/gcc/arm-none-eabi/12.3.1/../../../../arm-none-eabi/lib/thumb/v8-m.main+fp/hard\libc_nano.a
LOAD C:/Users/molav/Apps/STM32CubeIDE_1.17.0/STM32CubeIDE/plugins/com.st.stm32cube.ide.mcu.externaltools.gnu-tools-for-stm32.12.3.rel1.win32_1.1.0.202410251130/tools/bin/../lib/gcc/arm-none-eabi/12.3.1/../../../../arm-none-eabi/lib/thumb/v8-m.main+fp/hard\libnosys.a
END GROUP
START GROUP
LOAD C:/Users/molav/Apps/STM32CubeIDE_1.17.0/STM32CubeIDE/plugins/com.st.stm32cube.ide.mcu.externaltools.gnu-tools-for-stm32.12.3.rel1.win32_1.1.0.202410251130/tools/bin/../lib/gcc/arm-none-eabi/12.3.1/thumb/v8-m.main+fp/hard\libgcc.a
LOAD C:/Users/molav/Apps/STM32CubeIDE_1.17.0/STM32CubeIDE/plugins/com.st.stm32cube.ide.mcu.externaltools.gnu-tools-for-stm32.12.3.rel1.win32_1.1.0.202410251130/tools/bin/../lib/gcc/arm-none-eabi/12.3.1/../../../../arm-none-eabi/lib/thumb/v8-m.main+fp/hard\libc_nano.a
LOAD C:/Users/molav/Apps/STM32CubeIDE_1.17.0/STM32CubeIDE/plugins/com.st.stm32cube.ide.mcu.externaltools.gnu-tools-for-stm32.12.3.rel1.win32_1.1.0.202410251130/tools/bin/../lib/gcc/arm-none-eabi/12.3.1/../../../../arm-none-eabi/lib/thumb/v8-m.main+fp/hard\libnosys.a
END GROUP
LOAD C:/Users/molav/Apps/STM32CubeIDE_1.17.0/STM32CubeIDE/plugins/com.st.stm32cube.ide.mcu.externaltools.gnu-tools-for-stm32.12.3.rel1.win32_1.1.0.202410251130/tools/bin/../lib/gcc/arm-none-eabi/12.3.1/thumb/v8-m.main+fp/hard/crtend.o
LOAD C:/Users/molav/Apps/STM32CubeIDE_1.17.0/STM32CubeIDE/plugins/com.st.stm32cube.ide.mcu.externaltools.gnu-tools-for-stm32.12.3.rel1.win32_1.1.0.202410251130/tools/bin/../lib/gcc/arm-none-eabi/12.3.1/thumb/v8-m.main+fp/hard/crtn.o
                0x200c0000                        _estack = (ORIGIN (RAM) + LENGTH (RAM))
                0x00000200                        _Min_Heap_Size = 0x200
                0x00000400                        _Min_Stack_Size = 0x400

.isr_vector     0x08000000      0x238
 *(.isr_vector)
 .isr_vector    0x08000000      0x238 ./Core/Startup/startup_stm32u575zitxq.o
                0x08000000                g_pfnVectors

.text           0x08000238      0xc20
 *(.text)
 .text          0x08000238       0x40 C:/Users/molav/Apps/STM32CubeIDE_1.17.0/STM32CubeIDE/plugins/com.st.stm32cube.ide.mcu.externaltools.gnu-tools-for-stm32.12.3.rel1.win32_1.1.0.202410251130/tools/bin/../lib/gcc/arm-none-eabi/12.3.1/thumb/v8-m.main+fp/hard/crtbegin.o
 *(.text*)
 .text.Flash_Erase
                0x08000278       0x70 ./Core/Src/flash_util.o
                0x08000278                Flash_Erase
 .text.Flash_Write
                0x080002e8       0x7a ./Core/Src/flash_util.o
                0x080002e8                Flash_Write
 *fill*         0x08000362        0x2 
 .text.main     0x08000364       0x6c ./Core/Src/main.o
                0x08000364                main
 .text.HAL_TIM_PeriodElapsedCallback
                0x080003d0       0x24 ./Core/Src/main.o
                0x080003d0                HAL_TIM_PeriodElapsedCallback
 .text.NMI_Handler
                0x080003f4        0x8 ./Core/Src/stm32u5xx_it.o
                0x080003f4                NMI_Handler
 .text.HardFault_Handler
                0x080003fc        0x8 ./Core/Src/stm32u5xx_it.o
                0x080003fc                HardFault_Handler
 .text.MemManage_Handler
                0x08000404        0x8 ./Core/Src/stm32u5xx_it.o
                0x08000404                MemManage_Handler
 .text.BusFault_Handler
                0x0800040c        0x8 ./Core/Src/stm32u5xx_it.o
                0x0800040c                BusFault_Handler
 .text.UsageFault_Handler
                0x08000414        0x8 ./Core/Src/stm32u5xx_it.o
                0x08000414                UsageFault_Handler
 .text.SVC_Handler
                0x0800041c        0xe ./Core/Src/stm32u5xx_it.o
                0x0800041c                SVC_Handler
 .text.DebugMon_Handler
                0x0800042a        0xe ./Core/Src/stm32u5xx_it.o
                0x0800042a                DebugMon_Handler
 .text.PendSV_Handler
                0x08000438        0xe ./Core/Src/stm32u5xx_it.o
                0x08000438                PendSV_Handler
 .text.SysTick_Handler
                0x08000446        0xe ./Core/Src/stm32u5xx_it.o
                0x08000446                SysTick_Handler
 .text.EXTI13_IRQHandler
                0x08000454        0xe ./Core/Src/stm32u5xx_it.o
                0x08000454                EXTI13_IRQHandler
 *fill*         0x08000462        0x2 
 .text.TIM17_IRQHandler
                0x08000464       0x14 ./Core/Src/stm32u5xx_it.o
                0x08000464                TIM17_IRQHandler
 .text.SystemInit
                0x08000478       0x70 ./Core/Src/system_stm32u5xx.o
                0x08000478                SystemInit
 .text.Reset_Handler
                0x080004e8       0x50 ./Core/Startup/startup_stm32u575zitxq.o
                0x080004e8                Reset_Handler
 .text.Default_Handler
                0x08000538        0x2 ./Core/Startup/startup_stm32u575zitxq.o
                0x08000538                EXTI2_IRQHandler
                0x08000538                TIM8_TRG_COM_IRQHandler
                0x08000538                TIM8_CC_IRQHandler
                0x08000538                EXTI5_IRQHandler
                0x08000538                FLASH_S_IRQHandler
                0x08000538                TIM1_CC_IRQHandler
                0x08000538                TSC_IRQHandler
                0x08000538                TAMP_IRQHandler
                0x08000538                TIM6_IRQHandler
                0x08000538                EXTI12_IRQHandler
                0x08000538                CORDIC_IRQHandler
                0x08000538                EXTI3_IRQHandler
                0x08000538                LPTIM4_IRQHandler
                0x08000538                GPDMA1_Channel5_IRQHandler
                0x08000538                EXTI8_IRQHandler
                0x08000538                LPTIM2_IRQHandler
                0x08000538                I2C3_ER_IRQHandler
                0x08000538                PWR_S3WU_IRQHandler
                0x08000538                MDF1_FLT2_IRQHandler
                0x08000538                LPDMA1_Channel3_IRQHandler
                0x08000538                LPTIM3_IRQHandler
                0x08000538                EXTI0_IRQHandler
                0x08000538                I2C2_EV_IRQHandler
                0x08000538                FPU_IRQHandler
                0x08000538                GPDMA1_Channel3_IRQHandler
                0x08000538                GPDMA1_Channel7_IRQHandler
                0x08000538                MDF1_FLT4_IRQHandler
                0x08000538                FDCAN1_IT1_IRQHandler
                0x08000538                RAMCFG_IRQHandler
                0x08000538                GPDMA1_Channel9_IRQHandler
                0x08000538                DCACHE1_IRQHandler
                0x08000538                SPI1_IRQHandler
                0x08000538                OCTOSPI1_IRQHandler
                0x08000538                GPDMA1_Channel2_IRQHandler
                0x08000538                TIM8_UP_IRQHandler
                0x08000538                RCC_S_IRQHandler
                0x08000538                OCTOSPI2_IRQHandler
                0x08000538                SAI2_IRQHandler
                0x08000538                MDF1_FLT1_IRQHandler
                0x08000538                ADC1_IRQHandler
                0x08000538                MDF1_FLT5_IRQHandler
                0x08000538                EXTI15_IRQHandler
                0x08000538                USART3_IRQHandler
                0x08000538                RTC_IRQHandler
                0x08000538                EXTI9_IRQHandler
                0x08000538                UART5_IRQHandler
                0x08000538                TIM4_IRQHandler
                0x08000538                I2C1_EV_IRQHandler
                0x08000538                GPDMA1_Channel12_IRQHandler
                0x08000538                GPDMA1_Channel1_IRQHandler
                0x08000538                TIM16_IRQHandler
                0x08000538                GPDMA1_Channel15_IRQHandler
                0x08000538                UART4_IRQHandler
                0x08000538                SecureFault_Handler
                0x08000538                TIM3_IRQHandler
                0x08000538                RCC_IRQHandler
                0x08000538                TIM1_TRG_COM_IRQHandler
                0x08000538                Default_Handler
                0x08000538                GPDMA1_Channel8_IRQHandler
                0x08000538                FMAC_IRQHandler
                0x08000538                GPDMA1_Channel11_IRQHandler
                0x08000538                TIM7_IRQHandler
                0x08000538                SDMMC1_IRQHandler
                0x08000538                TIM5_IRQHandler
                0x08000538                UCPD1_IRQHandler
                0x08000538                GPDMA1_Channel0_IRQHandler
                0x08000538                TIM15_IRQHandler
                0x08000538                I2C3_EV_IRQHandler
                0x08000538                LPDMA1_Channel0_IRQHandler
                0x08000538                PVD_PVM_IRQHandler
                0x08000538                SPI2_IRQHandler
                0x08000538                LPDMA1_Channel1_IRQHandler
                0x08000538                EXTI14_IRQHandler
                0x08000538                EXTI11_IRQHandler
                0x08000538                CRS_IRQHandler
                0x08000538                GPDMA1_Channel14_IRQHandler
                0x08000538                LSECSSD_IRQHandler
                0x08000538                EXTI4_IRQHandler
                0x08000538                RTC_S_IRQHandler
                0x08000538                GPDMA1_Channel13_IRQHandler
                0x08000538                RNG_IRQHandler
                0x08000538                COMP_IRQHandler
                0x08000538                TIM1_UP_IRQHandler
                0x08000538                ADC4_IRQHandler
                0x08000538                WWDG_IRQHandler
                0x08000538                I2C4_EV_IRQHandler
                0x08000538                ADF1_IRQHandler
                0x08000538                IWDG_IRQHandler
                0x08000538                LPUART1_IRQHandler
                0x08000538                MDF1_FLT0_IRQHandler
                0x08000538                FDCAN1_IT0_IRQHandler
                0x08000538                TIM2_IRQHandler
                0x08000538                GPDMA1_Channel4_IRQHandler
                0x08000538                EXTI7_IRQHandler
                0x08000538                DMA2D_IRQHandler
                0x08000538                TIM1_BRK_IRQHandler
                0x08000538                EXTI1_IRQHandler
                0x08000538                SDMMC2_IRQHandler
                0x08000538                DAC1_IRQHandler
                0x08000538                GTZC_IRQHandler
                0x08000538                MDF1_FLT3_IRQHandler
                0x08000538                USART2_IRQHandler
                0x08000538                GPDMA1_Channel6_IRQHandler
                0x08000538                I2C2_ER_IRQHandler
                0x08000538                TIM8_BRK_IRQHandler
                0x08000538                FLASH_IRQHandler
                0x08000538                USART1_IRQHandler
                0x08000538                EXTI10_IRQHandler
                0x08000538                OTG_FS_IRQHandler
                0x08000538                SPI3_IRQHandler
                0x08000538                LPDMA1_Channel2_IRQHandler
                0x08000538                I2C1_ER_IRQHandler
                0x08000538                FMC_IRQHandler
                0x08000538                EXTI6_IRQHandler
                0x08000538                LPTIM1_IRQHandler
                0x08000538                DCMI_PSSI_IRQHandler
                0x08000538                I2C4_ER_IRQHandler
                0x08000538                GPDMA1_Channel10_IRQHandler
                0x08000538                ICACHE_IRQHandler
                0x08000538                SAI1_IRQHandler
                0x08000538                HASH_IRQHandler
 *fill*         0x0800053a        0x2 
 .text.BSP_PB_IRQHandler
                0x0800053c       0x2c ./Drivers/BSP/STM32U5xx_Nucleo/stm32u5xx_nucleo.o
                0x0800053c                BSP_PB_IRQHandler
 .text.HAL_IncTick
                0x08000568       0x28 ./Drivers/STM32U5xx_HAL_Driver/Src/stm32u5xx_hal.o
                0x08000568                HAL_IncTick
 .text.HAL_GetTick
                0x08000590       0x18 ./Drivers/STM32U5xx_HAL_Driver/Src/stm32u5xx_hal.o
                0x08000590                HAL_GetTick
 .text.HAL_EXTI_IRQHandler
                0x080005a8       0x90 ./Drivers/STM32U5xx_HAL_Driver/Src/stm32u5xx_hal_exti.o
                0x080005a8                HAL_EXTI_IRQHandler
 .text.HAL_FLASH_Program
                0x08000638       0x94 ./Drivers/STM32U5xx_HAL_Driver/Src/stm32u5xx_hal_flash.o
                0x08000638                HAL_FLASH_Program
 .text.HAL_FLASH_Unlock
                0x080006cc       0x44 ./Drivers/STM32U5xx_HAL_Driver/Src/stm32u5xx_hal_flash.o
                0x080006cc                HAL_FLASH_Unlock
 .text.HAL_FLASH_Lock
                0x08000710       0x34 ./Drivers/STM32U5xx_HAL_Driver/Src/stm32u5xx_hal_flash.o
                0x08000710                HAL_FLASH_Lock
 .text.FLASH_WaitForLastOperation
                0x08000744       0x8c ./Drivers/STM32U5xx_HAL_Driver/Src/stm32u5xx_hal_flash.o
                0x08000744                FLASH_WaitForLastOperation
 .text.FLASH_Program_QuadWord
                0x080007d0       0x78 ./Drivers/STM32U5xx_HAL_Driver/Src/stm32u5xx_hal_flash.o
 .text.FLASH_Program_Burst
                0x08000848       0x7c ./Drivers/STM32U5xx_HAL_Driver/Src/stm32u5xx_hal_flash.o
 .text.HAL_FLASHEx_Erase
                0x080008c4       0xe0 ./Drivers/STM32U5xx_HAL_Driver/Src/stm32u5xx_hal_flash_ex.o
                0x080008c4                HAL_FLASHEx_Erase
 .text.FLASH_MassErase
                0x080009a4       0x4c ./Drivers/STM32U5xx_HAL_Driver/Src/stm32u5xx_hal_flash_ex.o
 .text.FLASH_PageErase
                0x080009f0       0x60 ./Drivers/STM32U5xx_HAL_Driver/Src/stm32u5xx_hal_flash_ex.o
                0x080009f0                FLASH_PageErase
 .text.HAL_TIM_IRQHandler
                0x08000a50      0x29e ./Drivers/STM32U5xx_HAL_Driver/Src/stm32u5xx_hal_tim.o
                0x08000a50                HAL_TIM_IRQHandler
 .text.HAL_TIM_OC_DelayElapsedCallback
                0x08000cee       0x14 ./Drivers/STM32U5xx_HAL_Driver/Src/stm32u5xx_hal_tim.o
                0x08000cee                HAL_TIM_OC_DelayElapsedCallback
 .text.HAL_TIM_IC_CaptureCallback
                0x08000d02       0x14 ./Drivers/STM32U5xx_HAL_Driver/Src/stm32u5xx_hal_tim.o
                0x08000d02                HAL_TIM_IC_CaptureCallback
 .text.HAL_TIM_PWM_PulseFinishedCallback
                0x08000d16       0x14 ./Drivers/STM32U5xx_HAL_Driver/Src/stm32u5xx_hal_tim.o
                0x08000d16                HAL_TIM_PWM_PulseFinishedCallback
 .text.HAL_TIM_TriggerCallback
                0x08000d2a       0x14 ./Drivers/STM32U5xx_HAL_Driver/Src/stm32u5xx_hal_tim.o
                0x08000d2a                HAL_TIM_TriggerCallback
 .text.HAL_TIMEx_CommutCallback
                0x08000d3e       0x14 ./Drivers/STM32U5xx_HAL_Driver/Src/stm32u5xx_hal_tim_ex.o
                0x08000d3e                HAL_TIMEx_CommutCallback
 .text.HAL_TIMEx_BreakCallback
                0x08000d52       0x14 ./Drivers/STM32U5xx_HAL_Driver/Src/stm32u5xx_hal_tim_ex.o
                0x08000d52                HAL_TIMEx_BreakCallback
 .text.HAL_TIMEx_Break2Callback
                0x08000d66       0x14 ./Drivers/STM32U5xx_HAL_Driver/Src/stm32u5xx_hal_tim_ex.o
                0x08000d66                HAL_TIMEx_Break2Callback
 .text.HAL_TIMEx_EncoderIndexCallback
                0x08000d7a       0x14 ./Drivers/STM32U5xx_HAL_Driver/Src/stm32u5xx_hal_tim_ex.o
                0x08000d7a                HAL_TIMEx_EncoderIndexCallback
 .text.HAL_TIMEx_DirectionChangeCallback
                0x08000d8e       0x14 ./Drivers/STM32U5xx_HAL_Driver/Src/stm32u5xx_hal_tim_ex.o
                0x08000d8e                HAL_TIMEx_DirectionChangeCallback
 .text.HAL_TIMEx_IndexErrorCallback
                0x08000da2       0x14 ./Drivers/STM32U5xx_HAL_Driver/Src/stm32u5xx_hal_tim_ex.o
                0x08000da2                HAL_TIMEx_IndexErrorCallback
 .text.HAL_TIMEx_TransitionErrorCallback
                0x08000db6       0x14 ./Drivers/STM32U5xx_HAL_Driver/Src/stm32u5xx_hal_tim_ex.o
                0x08000db6                HAL_TIMEx_TransitionErrorCallback
 .text.memset   0x08000dca       0x10 C:/Users/molav/Apps/STM32CubeIDE_1.17.0/STM32CubeIDE/plugins/com.st.stm32cube.ide.mcu.externaltools.gnu-tools-for-stm32.12.3.rel1.win32_1.1.0.202410251130/tools/bin/../lib/gcc/arm-none-eabi/12.3.1/../../../../arm-none-eabi/lib/thumb/v8-m.main+fp/hard\libc_nano.a(libc_a-memset.o)
                0x08000dca                memset
 *fill*         0x08000dda        0x2 
 .text.__libc_init_array
                0x08000ddc       0x48 C:/Users/molav/Apps/STM32CubeIDE_1.17.0/STM32CubeIDE/plugins/com.st.stm32cube.ide.mcu.externaltools.gnu-tools-for-stm32.12.3.rel1.win32_1.1.0.202410251130/tools/bin/../lib/gcc/arm-none-eabi/12.3.1/../../../../arm-none-eabi/lib/thumb/v8-m.main+fp/hard\libc_nano.a(libc_a-init.o)
                0x08000ddc                __libc_init_array
 .text.memcpy   0x08000e24       0x1a C:/Users/molav/Apps/STM32CubeIDE_1.17.0/STM32CubeIDE/plugins/com.st.stm32cube.ide.mcu.externaltools.gnu-tools-for-stm32.12.3.rel1.win32_1.1.0.202410251130/tools/bin/../lib/gcc/arm-none-eabi/12.3.1/../../../../arm-none-eabi/lib/thumb/v8-m.main+fp/hard\libc_nano.a(libc_a-memcpy-stub.o)
                0x08000e24                memcpy
 *(.glue_7)
 .glue_7        0x08000e3e        0x0 linker stubs
 *(.glue_7t)
 .glue_7t       0x08000e3e        0x0 linker stubs
 *(.eh_frame)
 *fill*         0x08000e3e        0x2 
 .eh_frame      0x08000e40        0x0 C:/Users/molav/Apps/STM32CubeIDE_1.17.0/STM32CubeIDE/plugins/com.st.stm32cube.ide.mcu.externaltools.gnu-tools-for-stm32.12.3.rel1.win32_1.1.0.202410251130/tools/bin/../lib/gcc/arm-none-eabi/12.3.1/thumb/v8-m.main+fp/hard/crtbegin.o
 *(.init)
 .init          0x08000e40        0x4 C:/Users/molav/Apps/STM32CubeIDE_1.17.0/STM32CubeIDE/plugins/com.st.stm32cube.ide.mcu.externaltools.gnu-tools-for-stm32.12.3.rel1.win32_1.1.0.202410251130/tools/bin/../lib/gcc/arm-none-eabi/12.3.1/thumb/v8-m.main+fp/hard/crti.o
                0x08000e40                _init
 .init          0x08000e44        0x8 C:/Users/molav/Apps/STM32CubeIDE_1.17.0/STM32CubeIDE/plugins/com.st.stm32cube.ide.mcu.externaltools.gnu-tools-for-stm32.12.3.rel1.win32_1.1.0.202410251130/tools/bin/../lib/gcc/arm-none-eabi/12.3.1/thumb/v8-m.main+fp/hard/crtn.o
 *(.fini)
 .fini          0x08000e4c        0x4 C:/Users/molav/Apps/STM32CubeIDE_1.17.0/STM32CubeIDE/plugins/com.st.stm32cube.ide.mcu.externaltools.gnu-tools-for-stm32.12.3.rel1.win32_1.1.0.202410251130/tools/bin/../lib/gcc/arm-none-eabi/12.3.1/thumb/v8-m.main+fp/hard/crti.o
                0x08000e4c                _fini
 .fini          0x08000e50        0x8 C:/Users/molav/Apps/STM32CubeIDE_1.17.0/STM32CubeIDE/plugins/com.st.stm32cube.ide.mcu.externaltools.gnu-tools-for-stm32.12.3.rel1.win32_1.1.0.202410251130/tools/bin/../lib/gcc/arm-none-eabi/12.3.1/thumb/v8-m.main+fp/hard/crtn.o
                0x08000e58                        _etext = .

.vfp11_veneer   0x08000e58        0x0
 .vfp11_veneer  0x08000e58        0x0 linker stubs

.v4_bx          0x08000e58        0x0
 .v4_bx         0x08000e58        0x0 linker stubs

.iplt           0x08000e58        0x0
 .iplt          0x08000e58        0x0 C:/Users/molav/Apps/STM32CubeIDE_1.17.0/STM32CubeIDE/plugins/com.st.stm32cube.ide.mcu.externaltools.gnu-tools-for-stm32.12.3.rel1.win32_1.1.0.202410251130/tools/bin/../lib/gcc/arm-none-eabi/12.3.1/thumb/v8-m.main+fp/hard/crtbegin.o

.rodata
 *(.rodata)
 *(.rodata*)

.ARM.extab
 *(.ARM.extab* .gnu.linkonce.armextab.*)

.ARM            0x08000e58        0x0
                0x08000e58                        __exidx_start = .
 *(.ARM.exidx*)
                0x08000e58                        __exidx_end = .

.preinit_array  0x08000e58        0x0
                0x08000e58                        PROVIDE (__preinit_array_start = .)
 *(.preinit_array*)
                0x08000e58                        PROVIDE (__preinit_array_end = .)

.init_array     0x08000e58        0x4
                0x08000e58                        PROVIDE (__init_array_start = .)
 *(SORT_BY_NAME(.init_array.*))
 *(.init_array*)
 .init_array    0x08000e58        0x4 C:/Users/molav/Apps/STM32CubeIDE_1.17.0/STM32CubeIDE/plugins/com.st.stm32cube.ide.mcu.externaltools.gnu-tools-for-stm32.12.3.rel1.win32_1.1.0.202410251130/tools/bin/../lib/gcc/arm-none-eabi/12.3.1/thumb/v8-m.main+fp/hard/crtbegin.o
                0x08000e5c                        PROVIDE (__init_array_end = .)

.fini_array     0x08000e5c        0x4
                [!provide]                        PROVIDE (__fini_array_start = .)
 *(SORT_BY_NAME(.fini_array.*))
 *(.fini_array*)
 .fini_array    0x08000e5c        0x4 C:/Users/molav/Apps/STM32CubeIDE_1.17.0/STM32CubeIDE/plugins/com.st.stm32cube.ide.mcu.externaltools.gnu-tools-for-stm32.12.3.rel1.win32_1.1.0.202410251130/tools/bin/../lib/gcc/arm-none-eabi/12.3.1/thumb/v8-m.main+fp/hard/crtbegin.o
                [!provide]                        PROVIDE (__fini_array_end = .)
                0x08000e60                        _sidata = LOADADDR (.data)

.rel.dyn        0x08000e60        0x0
 .rel.iplt      0x08000e60        0x0 C:/Users/molav/Apps/STM32CubeIDE_1.17.0/STM32CubeIDE/plugins/com.st.stm32cube.ide.mcu.externaltools.gnu-tools-for-stm32.12.3.rel1.win32_1.1.0.202410251130/tools/bin/../lib/gcc/arm-none-eabi/12.3.1/thumb/v8-m.main+fp/hard/crtbegin.o

.data           0x20000000       0x20 load address 0x08000e60
                0x20000000                        _sdata = .
 *(.data)
 *(.data*)
 .data.uwTickFreq
                0x20000000        0x1 ./Drivers/STM32U5xx_HAL_Driver/Src/stm32u5xx_hal.o
                0x20000000                uwTickFreq
 *fill*         0x20000001        0x3 
 .data.pFlash   0x20000004       0x1c ./Drivers/STM32U5xx_HAL_Driver/Src/stm32u5xx_hal_flash.o
                0x20000004                pFlash
 *(.RamFunc)
 *(.RamFunc*)
                0x20000020                        _edata = .

.igot.plt       0x20000020        0x0 load address 0x08000e80
 .igot.plt      0x20000020        0x0 C:/Users/molav/Apps/STM32CubeIDE_1.17.0/STM32CubeIDE/plugins/com.st.stm32cube.ide.mcu.externaltools.gnu-tools-for-stm32.12.3.rel1.win32_1.1.0.202410251130/tools/bin/../lib/gcc/arm-none-eabi/12.3.1/thumb/v8-m.main+fp/hard/crtbegin.o

.bss            0x20000020       0x78 load address 0x08000e80
                0x20000020                        _sbss = .
                0x20000020                        __bss_start__ = _sbss
 *(.bss)
 .bss           0x20000020       0x1c C:/Users/molav/Apps/STM32CubeIDE_1.17.0/STM32CubeIDE/plugins/com.st.stm32cube.ide.mcu.externaltools.gnu-tools-for-stm32.12.3.rel1.win32_1.1.0.202410251130/tools/bin/../lib/gcc/arm-none-eabi/12.3.1/thumb/v8-m.main+fp/hard/crtbegin.o
 *(.bss*)
 .bss.htim17    0x2000003c       0x4c ./Core/Src/stm32u5xx_hal_timebase_tim.o
                0x2000003c                htim17
 .bss.hpb_exti  0x20000088        0xc ./Drivers/BSP/STM32U5xx_Nucleo/stm32u5xx_nucleo.o
                0x20000088                hpb_exti
 .bss.uwTick    0x20000094        0x4 ./Drivers/STM32U5xx_HAL_Driver/Src/stm32u5xx_hal.o
                0x20000094                uwTick
 *(COMMON)
                0x20000098                        _ebss = .
                0x20000098                        __bss_end__ = _ebss

._user_heap_stack
                0x20000098      0x600 load address 0x08000e80
                0x20000098                        . = ALIGN (0x8)
                [!provide]                        PROVIDE (end = .)
                0x20000098                        PROVIDE (_end = .)
                0x20000298                        . = (. + _Min_Heap_Size)
 *fill*         0x20000098      0x200 
                0x20000698                        . = (. + _Min_Stack_Size)
 *fill*         0x20000298      0x400 
                0x20000698                        . = ALIGN (0x8)

/DISCARD/
 libc.a(*)
 libm.a(*)
 libgcc.a(*)

.ARM.attributes
                0x00000000       0x36
 *(.ARM.attributes)
 .ARM.attributes
                0x00000000       0x26 C:/Users/molav/Apps/STM32CubeIDE_1.17.0/STM32CubeIDE/plugins/com.st.stm32cube.ide.mcu.externaltools.gnu-tools-for-stm32.12.3.rel1.win32_1.1.0.202410251130/tools/bin/../lib/gcc/arm-none-eabi/12.3.1/thumb/v8-m.main+fp/hard/crti.o
 .ARM.attributes
                0x00000026       0x38 C:/Users/molav/Apps/STM32CubeIDE_1.17.0/STM32CubeIDE/plugins/com.st.stm32cube.ide.mcu.externaltools.gnu-tools-for-stm32.12.3.rel1.win32_1.1.0.202410251130/tools/bin/../lib/gcc/arm-none-eabi/12.3.1/thumb/v8-m.main+fp/hard/crtbegin.o
 .ARM.attributes
                0x0000005e       0x3a ./Core/Src/flash_util.o
 .ARM.attributes
                0x00000098       0x3a ./Core/Src/main.o
 .ARM.attributes
                0x000000d2       0x3a ./Core/Src/stm32u5xx_hal_timebase_tim.o
 .ARM.attributes
                0x0000010c       0x3a ./Core/Src/stm32u5xx_it.o
 .ARM.attributes
                0x00000146       0x3a ./Core/Src/system_stm32u5xx.o
 .ARM.attributes
                0x00000180       0x24 ./Core/Startup/startup_stm32u575zitxq.o
 .ARM.attributes
                0x000001a4       0x3a ./Drivers/BSP/STM32U5xx_Nucleo/stm32u5xx_nucleo.o
 .ARM.attributes
                0x000001de       0x3a ./Drivers/STM32U5xx_HAL_Driver/Src/stm32u5xx_hal.o
 .ARM.attributes
                0x00000218       0x3a ./Drivers/STM32U5xx_HAL_Driver/Src/stm32u5xx_hal_exti.o
 .ARM.attributes
                0x00000252       0x3a ./Drivers/STM32U5xx_HAL_Driver/Src/stm32u5xx_hal_flash.o
 .ARM.attributes
                0x0000028c       0x3a ./Drivers/STM32U5xx_HAL_Driver/Src/stm32u5xx_hal_flash_ex.o
 .ARM.attributes
                0x000002c6       0x3a ./Drivers/STM32U5xx_HAL_Driver/Src/stm32u5xx_hal_tim.o
 .ARM.attributes
                0x00000300       0x3a ./Drivers/STM32U5xx_HAL_Driver/Src/stm32u5xx_hal_tim_ex.o
 .ARM.attributes
                0x0000033a       0x38 C:/Users/molav/Apps/STM32CubeIDE_1.17.0/STM32CubeIDE/plugins/com.st.stm32cube.ide.mcu.externaltools.gnu-tools-for-stm32.12.3.rel1.win32_1.1.0.202410251130/tools/bin/../lib/gcc/arm-none-eabi/12.3.1/../../../../arm-none-eabi/lib/thumb/v8-m.main+fp/hard\libc_nano.a(libc_a-memset.o)
 .ARM.attributes
                0x00000372       0x38 C:/Users/molav/Apps/STM32CubeIDE_1.17.0/STM32CubeIDE/plugins/com.st.stm32cube.ide.mcu.externaltools.gnu-tools-for-stm32.12.3.rel1.win32_1.1.0.202410251130/tools/bin/../lib/gcc/arm-none-eabi/12.3.1/../../../../arm-none-eabi/lib/thumb/v8-m.main+fp/hard\libc_nano.a(libc_a-init.o)
 .ARM.attributes
                0x000003aa       0x38 C:/Users/molav/Apps/STM32CubeIDE_1.17.0/STM32CubeIDE/plugins/com.st.stm32cube.ide.mcu.externaltools.gnu-tools-for-stm32.12.3.rel1.win32_1.1.0.202410251130/tools/bin/../lib/gcc/arm-none-eabi/12.3.1/../../../../arm-none-eabi/lib/thumb/v8-m.main+fp/hard\libc_nano.a(libc_a-memcpy-stub.o)
 .ARM.attributes
                0x000003e2       0x26 C:/Users/molav/Apps/STM32CubeIDE_1.17.0/STM32CubeIDE/plugins/com.st.stm32cube.ide.mcu.externaltools.gnu-tools-for-stm32.12.3.rel1.win32_1.1.0.202410251130/tools/bin/../lib/gcc/arm-none-eabi/12.3.1/thumb/v8-m.main+fp/hard/crtn.o
OUTPUT(PLRS_Bootloader.elf elf32-littlearm)
LOAD linker stubs
LOAD C:/Users/molav/Apps/STM32CubeIDE_1.17.0/STM32CubeIDE/plugins/com.st.stm32cube.ide.mcu.externaltools.gnu-tools-for-stm32.12.3.rel1.win32_1.1.0.202410251130/tools/bin/../lib/gcc/arm-none-eabi/12.3.1/../../../../arm-none-eabi/lib/thumb/v8-m.main+fp/hard\libc.a
LOAD C:/Users/molav/Apps/STM32CubeIDE_1.17.0/STM32CubeIDE/plugins/com.st.stm32cube.ide.mcu.externaltools.gnu-tools-for-stm32.12.3.rel1.win32_1.1.0.202410251130/tools/bin/../lib/gcc/arm-none-eabi/12.3.1/../../../../arm-none-eabi/lib/thumb/v8-m.main+fp/hard\libm.a
LOAD C:/Users/molav/Apps/STM32CubeIDE_1.17.0/STM32CubeIDE/plugins/com.st.stm32cube.ide.mcu.externaltools.gnu-tools-for-stm32.12.3.rel1.win32_1.1.0.202410251130/tools/bin/../lib/gcc/arm-none-eabi/12.3.1/thumb/v8-m.main+fp/hard\libgcc.a

.debug_info     0x00000000     0xd9cd
 .debug_info    0x00000000      0x3b2 ./Core/Src/flash_util.o
 .debug_info    0x000003b2     0x1758 ./Core/Src/main.o
 .debug_info    0x00001b0a     0x1171 ./Core/Src/stm32u5xx_hal_timebase_tim.o
 .debug_info    0x00002c7b      0x9bb ./Core/Src/stm32u5xx_it.o
 .debug_info    0x00003636      0x929 ./Core/Src/system_stm32u5xx.o
 .debug_info    0x00003f5f       0x30 ./Core/Startup/startup_stm32u575zitxq.o
 .debug_info    0x00003f8f     0x1bde ./Drivers/BSP/STM32U5xx_Nucleo/stm32u5xx_nucleo.o
 .debug_info    0x00005b6d     0x11dd ./Drivers/STM32U5xx_HAL_Driver/Src/stm32u5xx_hal.o
 .debug_info    0x00006d4a      0x736 ./Drivers/STM32U5xx_HAL_Driver/Src/stm32u5xx_hal_exti.o
 .debug_info    0x00007480      0x89f ./Drivers/STM32U5xx_HAL_Driver/Src/stm32u5xx_hal_flash.o
 .debug_info    0x00007d1f      0xb7a ./Drivers/STM32U5xx_HAL_Driver/Src/stm32u5xx_hal_flash_ex.o
 .debug_info    0x00008899     0x2e54 ./Drivers/STM32U5xx_HAL_Driver/Src/stm32u5xx_hal_tim.o
 .debug_info    0x0000b6ed     0x22e0 ./Drivers/STM32U5xx_HAL_Driver/Src/stm32u5xx_hal_tim_ex.o

.debug_abbrev   0x00000000     0x1c3d
 .debug_abbrev  0x00000000      0x14f ./Core/Src/flash_util.o
 .debug_abbrev  0x0000014f      0x33d ./Core/Src/main.o
 .debug_abbrev  0x0000048c      0x22a ./Core/Src/stm32u5xx_hal_timebase_tim.o
 .debug_abbrev  0x000006b6      0x1b1 ./Core/Src/stm32u5xx_it.o
 .debug_abbrev  0x00000867      0x129 ./Core/Src/system_stm32u5xx.o
 .debug_abbrev  0x00000990       0x24 ./Core/Startup/startup_stm32u575zitxq.o
 .debug_abbrev  0x000009b4      0x343 ./Drivers/BSP/STM32U5xx_Nucleo/stm32u5xx_nucleo.o
 .debug_abbrev  0x00000cf7      0x2a5 ./Drivers/STM32U5xx_HAL_Driver/Src/stm32u5xx_hal.o
 .debug_abbrev  0x00000f9c      0x198 ./Drivers/STM32U5xx_HAL_Driver/Src/stm32u5xx_hal_exti.o
 .debug_abbrev  0x00001134      0x2eb ./Drivers/STM32U5xx_HAL_Driver/Src/stm32u5xx_hal_flash.o
 .debug_abbrev  0x0000141f      0x28b ./Drivers/STM32U5xx_HAL_Driver/Src/stm32u5xx_hal_flash_ex.o
 .debug_abbrev  0x000016aa      0x2bd ./Drivers/STM32U5xx_HAL_Driver/Src/stm32u5xx_hal_tim.o
 .debug_abbrev  0x00001967      0x2d6 ./Drivers/STM32U5xx_HAL_Driver/Src/stm32u5xx_hal_tim_ex.o

.debug_aranges  0x00000000      0xb90
 .debug_aranges
                0x00000000       0x38 ./Core/Src/flash_util.o
 .debug_aranges
                0x00000038       0x58 ./Core/Src/main.o
 .debug_aranges
                0x00000090       0x30 ./Core/Src/stm32u5xx_hal_timebase_tim.o
 .debug_aranges
                0x000000c0       0x70 ./Core/Src/stm32u5xx_it.o
 .debug_aranges
                0x00000130       0x28 ./Core/Src/system_stm32u5xx.o
 .debug_aranges
                0x00000158       0x28 ./Core/Startup/startup_stm32u575zitxq.o
 .debug_aranges
                0x00000180       0xc8 ./Drivers/BSP/STM32U5xx_Nucleo/stm32u5xx_nucleo.o
 .debug_aranges
                0x00000248      0x148 ./Drivers/STM32U5xx_HAL_Driver/Src/stm32u5xx_hal.o
 .debug_aranges
                0x00000390       0x70 ./Drivers/STM32U5xx_HAL_Driver/Src/stm32u5xx_hal_exti.o
 .debug_aranges
                0x00000400       0x88 ./Drivers/STM32U5xx_HAL_Driver/Src/stm32u5xx_hal_flash.o
 .debug_aranges
                0x00000488       0xd0 ./Drivers/STM32U5xx_HAL_Driver/Src/stm32u5xx_hal_flash_ex.o
 .debug_aranges
                0x00000558      0x3e8 ./Drivers/STM32U5xx_HAL_Driver/Src/stm32u5xx_hal_tim.o
 .debug_aranges
                0x00000940      0x250 ./Drivers/STM32U5xx_HAL_Driver/Src/stm32u5xx_hal_tim_ex.o

.debug_rnglists
                0x00000000      0x8ed
 .debug_rnglists
                0x00000000       0x26 ./Core/Src/flash_util.o
 .debug_rnglists
                0x00000026       0x40 ./Core/Src/main.o
 .debug_rnglists
                0x00000066       0x20 ./Core/Src/stm32u5xx_hal_timebase_tim.o
 .debug_rnglists
                0x00000086       0x4f ./Core/Src/stm32u5xx_it.o
 .debug_rnglists
                0x000000d5       0x1a ./Core/Src/system_stm32u5xx.o
 .debug_rnglists
                0x000000ef       0x19 ./Core/Startup/startup_stm32u575zitxq.o
 .debug_rnglists
                0x00000108       0x94 ./Drivers/BSP/STM32U5xx_Nucleo/stm32u5xx_nucleo.o
 .debug_rnglists
                0x0000019c       0xf3 ./Drivers/STM32U5xx_HAL_Driver/Src/stm32u5xx_hal.o
 .debug_rnglists
                0x0000028f       0x53 ./Drivers/STM32U5xx_HAL_Driver/Src/stm32u5xx_hal_exti.o
 .debug_rnglists
                0x000002e2       0x65 ./Drivers/STM32U5xx_HAL_Driver/Src/stm32u5xx_hal_flash.o
 .debug_rnglists
                0x00000347       0xa0 ./Drivers/STM32U5xx_HAL_Driver/Src/stm32u5xx_hal_flash_ex.o
 .debug_rnglists
                0x000003e7      0x32e ./Drivers/STM32U5xx_HAL_Driver/Src/stm32u5xx_hal_tim.o
 .debug_rnglists
                0x00000715      0x1d8 ./Drivers/STM32U5xx_HAL_Driver/Src/stm32u5xx_hal_tim_ex.o

.debug_macro    0x00000000    0x3231e
 .debug_macro   0x00000000      0x32c ./Core/Src/flash_util.o
 .debug_macro   0x0000032c      0xac0 ./Core/Src/flash_util.o
 .debug_macro   0x00000dec      0x207 ./Core/Src/flash_util.o
 .debug_macro   0x00000ff3       0x2e ./Core/Src/flash_util.o
 .debug_macro   0x00001021       0x42 ./Core/Src/flash_util.o
 .debug_macro   0x00001063       0x22 ./Core/Src/flash_util.o
 .debug_macro   0x00001085       0x8e ./Core/Src/flash_util.o
 .debug_macro   0x00001113       0x51 ./Core/Src/flash_util.o
 .debug_macro   0x00001164      0x103 ./Core/Src/flash_util.o
 .debug_macro   0x00001267       0x6a ./Core/Src/flash_util.o
 .debug_macro   0x000012d1      0x1df ./Core/Src/flash_util.o
 .debug_macro   0x000014b0       0x1c ./Core/Src/flash_util.o
 .debug_macro   0x000014cc       0x29 ./Core/Src/flash_util.o
 .debug_macro   0x000014f5       0xfb ./Core/Src/flash_util.o
 .debug_macro   0x000015f0     0x1685 ./Core/Src/flash_util.o
 .debug_macro   0x00002c75       0x5e ./Core/Src/flash_util.o
 .debug_macro   0x00002cd3    0x2279e ./Core/Src/flash_util.o
 .debug_macro   0x00025471       0x6d ./Core/Src/flash_util.o
 .debug_macro   0x000254de     0x393e ./Core/Src/flash_util.o
 .debug_macro   0x00028e1c      0x189 ./Core/Src/flash_util.o
 .debug_macro   0x00028fa5       0x61 ./Core/Src/flash_util.o
 .debug_macro   0x00029006       0x2a ./Core/Src/flash_util.o
 .debug_macro   0x00029030       0x43 ./Core/Src/flash_util.o
 .debug_macro   0x00029073       0x34 ./Core/Src/flash_util.o
 .debug_macro   0x000290a7       0x16 ./Core/Src/flash_util.o
 .debug_macro   0x000290bd       0x43 ./Core/Src/flash_util.o
 .debug_macro   0x00029100       0x34 ./Core/Src/flash_util.o
 .debug_macro   0x00029134       0x10 ./Core/Src/flash_util.o
 .debug_macro   0x00029144       0x58 ./Core/Src/flash_util.o
 .debug_macro   0x0002919c       0x8e ./Core/Src/flash_util.o
 .debug_macro   0x0002922a       0x1c ./Core/Src/flash_util.o
 .debug_macro   0x00029246      0x177 ./Core/Src/flash_util.o
 .debug_macro   0x000293bd      0x369 ./Core/Src/flash_util.o
 .debug_macro   0x00029726      0x19b ./Core/Src/flash_util.o
 .debug_macro   0x000298c1       0x5d ./Core/Src/flash_util.o
 .debug_macro   0x0002991e     0x1ae5 ./Core/Src/flash_util.o
 .debug_macro   0x0002b403      0x7dc ./Core/Src/flash_util.o
 .debug_macro   0x0002bbdf      0x166 ./Core/Src/flash_util.o
 .debug_macro   0x0002bd45      0x2aa ./Core/Src/flash_util.o
 .debug_macro   0x0002bfef       0xc9 ./Core/Src/flash_util.o
 .debug_macro   0x0002c0b8      0x5a5 ./Core/Src/flash_util.o
 .debug_macro   0x0002c65d      0x439 ./Core/Src/flash_util.o
 .debug_macro   0x0002ca96       0xd6 ./Core/Src/flash_util.o
 .debug_macro   0x0002cb6c      0x1cd ./Core/Src/flash_util.o
 .debug_macro   0x0002cd39      0x432 ./Core/Src/flash_util.o
 .debug_macro   0x0002d16b       0x95 ./Core/Src/flash_util.o
 .debug_macro   0x0002d200      0x11c ./Core/Src/flash_util.o
 .debug_macro   0x0002d31c      0x525 ./Core/Src/flash_util.o
 .debug_macro   0x0002d841      0x4bf ./Core/Src/flash_util.o
 .debug_macro   0x0002dd00      0xbcc ./Core/Src/flash_util.o
 .debug_macro   0x0002e8cc      0x4ea ./Core/Src/flash_util.o
 .debug_macro   0x0002edb6      0x677 ./Core/Src/flash_util.o
 .debug_macro   0x0002f42d      0x1a1 ./Core/Src/flash_util.o
 .debug_macro   0x0002f5ce      0x1c0 ./Core/Src/flash_util.o
 .debug_macro   0x0002f78e      0x6bd ./Core/Src/flash_util.o
 .debug_macro   0x0002fe4b      0x361 ./Core/Src/flash_util.o
 .debug_macro   0x000301ac       0x16 ./Core/Src/flash_util.o
 .debug_macro   0x000301c2       0x35 ./Core/Src/flash_util.o
 .debug_macro   0x000301f7       0x20 ./Core/Src/flash_util.o
 .debug_macro   0x00030217       0x22 ./Core/Src/flash_util.o
 .debug_macro   0x00030239       0x34 ./Core/Src/flash_util.o
 .debug_macro   0x0003026d       0x28 ./Core/Src/flash_util.o
 .debug_macro   0x00030295       0x52 ./Core/Src/flash_util.o
 .debug_macro   0x000302e7      0x12a ./Core/Src/flash_util.o
 .debug_macro   0x00030411       0x1c ./Core/Src/flash_util.o
 .debug_macro   0x0003042d       0x10 ./Core/Src/flash_util.o
 .debug_macro   0x0003043d       0x1c ./Core/Src/flash_util.o
 .debug_macro   0x00030459       0x16 ./Core/Src/flash_util.o
 .debug_macro   0x0003046f      0x146 ./Core/Src/flash_util.o
 .debug_macro   0x000305b5      0x356 ./Core/Src/main.o
 .debug_macro   0x0003090b      0x281 ./Core/Src/stm32u5xx_hal_timebase_tim.o
 .debug_macro   0x00030b8c      0x2ea ./Core/Src/stm32u5xx_it.o
 .debug_macro   0x00030e76      0x288 ./Core/Src/system_stm32u5xx.o
 .debug_macro   0x000310fe      0x2ae ./Drivers/BSP/STM32U5xx_Nucleo/stm32u5xx_nucleo.o
 .debug_macro   0x000313ac       0x22 ./Drivers/BSP/STM32U5xx_Nucleo/stm32u5xx_nucleo.o
 .debug_macro   0x000313ce      0x2a5 ./Drivers/STM32U5xx_HAL_Driver/Src/stm32u5xx_hal.o
 .debug_macro   0x00031673      0x299 ./Drivers/STM32U5xx_HAL_Driver/Src/stm32u5xx_hal_exti.o
 .debug_macro   0x0003190c      0x281 ./Drivers/STM32U5xx_HAL_Driver/Src/stm32u5xx_hal_flash.o
 .debug_macro   0x00031b8d      0x281 ./Drivers/STM32U5xx_HAL_Driver/Src/stm32u5xx_hal_flash_ex.o
 .debug_macro   0x00031e0e      0x289 ./Drivers/STM32U5xx_HAL_Driver/Src/stm32u5xx_hal_tim.o
 .debug_macro   0x00032097      0x287 ./Drivers/STM32U5xx_HAL_Driver/Src/stm32u5xx_hal_tim_ex.o

.debug_line     0x00000000     0xf544
 .debug_line    0x00000000      0xc28 ./Core/Src/flash_util.o
 .debug_line    0x00000c28      0xcb1 ./Core/Src/main.o
 .debug_line    0x000018d9      0xad4 ./Core/Src/stm32u5xx_hal_timebase_tim.o
 .debug_line    0x000023ad      0xbe6 ./Core/Src/stm32u5xx_it.o
 .debug_line    0x00002f93      0xb6b ./Core/Src/system_stm32u5xx.o
 .debug_line    0x00003afe       0x79 ./Core/Startup/startup_stm32u575zitxq.o
 .debug_line    0x00003b77      0xe8c ./Drivers/BSP/STM32U5xx_Nucleo/stm32u5xx_nucleo.o
 .debug_line    0x00004a03      0xee8 ./Drivers/STM32U5xx_HAL_Driver/Src/stm32u5xx_hal.o
 .debug_line    0x000058eb      0xeb1 ./Drivers/STM32U5xx_HAL_Driver/Src/stm32u5xx_hal_exti.o
 .debug_line    0x0000679c      0xe09 ./Drivers/STM32U5xx_HAL_Driver/Src/stm32u5xx_hal_flash.o
 .debug_line    0x000075a5     0x1225 ./Drivers/STM32U5xx_HAL_Driver/Src/stm32u5xx_hal_flash_ex.o
 .debug_line    0x000087ca     0x47dd ./Drivers/STM32U5xx_HAL_Driver/Src/stm32u5xx_hal_tim.o
 .debug_line    0x0000cfa7     0x259d ./Drivers/STM32U5xx_HAL_Driver/Src/stm32u5xx_hal_tim_ex.o

.debug_str      0x00000000   0x1424a0
 .debug_str     0x00000000   0x13d9ee ./Core/Src/flash_util.o
                             0x13e4ed (size before relaxing)
 .debug_str     0x0013d9ee     0x1012 ./Core/Src/main.o
                             0x13f47d (size before relaxing)
 .debug_str     0x0013ea00      0x7eb ./Core/Src/stm32u5xx_hal_timebase_tim.o
                             0x13e455 (size before relaxing)
 .debug_str     0x0013f1eb      0x114 ./Core/Src/stm32u5xx_it.o
                             0x13e97f (size before relaxing)
 .debug_str     0x0013f2ff      0x1c9 ./Core/Src/system_stm32u5xx.o
                             0x13d6b3 (size before relaxing)
 .debug_str     0x0013f4c8       0x45 ./Core/Startup/startup_stm32u575zitxq.o
                                 0x8e (size before relaxing)
 .debug_str     0x0013f50d      0x6d2 ./Drivers/BSP/STM32U5xx_Nucleo/stm32u5xx_nucleo.o
                             0x13f193 (size before relaxing)
 .debug_str     0x0013fbdf      0x705 ./Drivers/STM32U5xx_HAL_Driver/Src/stm32u5xx_hal.o
                             0x13e518 (size before relaxing)
 .debug_str     0x001402e4      0x245 ./Drivers/STM32U5xx_HAL_Driver/Src/stm32u5xx_hal_exti.o
                             0x13d62b (size before relaxing)
 .debug_str     0x00140529      0x23c ./Drivers/STM32U5xx_HAL_Driver/Src/stm32u5xx_hal_flash.o
                             0x13d78a (size before relaxing)
 .debug_str     0x00140765      0x3b2 ./Drivers/STM32U5xx_HAL_Driver/Src/stm32u5xx_hal_flash_ex.o
                             0x13d9d7 (size before relaxing)
 .debug_str     0x00140b17      0xfce ./Drivers/STM32U5xx_HAL_Driver/Src/stm32u5xx_hal_tim.o
                             0x13eaf6 (size before relaxing)
 .debug_str     0x00141ae5      0x9bb ./Drivers/STM32U5xx_HAL_Driver/Src/stm32u5xx_hal_tim_ex.o
                             0x13e96e (size before relaxing)

.comment        0x00000000       0x43
 .comment       0x00000000       0x43 ./Core/Src/flash_util.o
                                 0x44 (size before relaxing)
 .comment       0x00000043       0x44 ./Core/Src/main.o
 .comment       0x00000043       0x44 ./Core/Src/stm32u5xx_hal_timebase_tim.o
 .comment       0x00000043       0x44 ./Core/Src/stm32u5xx_it.o
 .comment       0x00000043       0x44 ./Core/Src/system_stm32u5xx.o
 .comment       0x00000043       0x44 ./Drivers/BSP/STM32U5xx_Nucleo/stm32u5xx_nucleo.o
 .comment       0x00000043       0x44 ./Drivers/STM32U5xx_HAL_Driver/Src/stm32u5xx_hal.o
 .comment       0x00000043       0x44 ./Drivers/STM32U5xx_HAL_Driver/Src/stm32u5xx_hal_exti.o
 .comment       0x00000043       0x44 ./Drivers/STM32U5xx_HAL_Driver/Src/stm32u5xx_hal_flash.o
 .comment       0x00000043       0x44 ./Drivers/STM32U5xx_HAL_Driver/Src/stm32u5xx_hal_flash_ex.o
 .comment       0x00000043       0x44 ./Drivers/STM32U5xx_HAL_Driver/Src/stm32u5xx_hal_tim.o
 .comment       0x00000043       0x44 ./Drivers/STM32U5xx_HAL_Driver/Src/stm32u5xx_hal_tim_ex.o

.debug_frame    0x00000000     0x30bc
 .debug_frame   0x00000000       0xa0 ./Core/Src/flash_util.o
 .debug_frame   0x000000a0      0x118 ./Core/Src/main.o
 .debug_frame   0x000001b8       0x74 ./Core/Src/stm32u5xx_hal_timebase_tim.o
 .debug_frame   0x0000022c      0x140 ./Core/Src/stm32u5xx_it.o
 .debug_frame   0x0000036c       0x58 ./Core/Src/system_stm32u5xx.o
 .debug_frame   0x000003c4      0x31c ./Drivers/BSP/STM32U5xx_Nucleo/stm32u5xx_nucleo.o
 .debug_frame   0x000006e0      0x500 ./Drivers/STM32U5xx_HAL_Driver/Src/stm32u5xx_hal.o
 .debug_frame   0x00000be0      0x1c4 ./Drivers/STM32U5xx_HAL_Driver/Src/stm32u5xx_hal_exti.o
 .debug_frame   0x00000da4      0x210 ./Drivers/STM32U5xx_HAL_Driver/Src/stm32u5xx_hal_flash.o
 .debug_frame   0x00000fb4      0x380 ./Drivers/STM32U5xx_HAL_Driver/Src/stm32u5xx_hal_flash_ex.o
 .debug_frame   0x00001334     0x125c ./Drivers/STM32U5xx_HAL_Driver/Src/stm32u5xx_hal_tim.o
 .debug_frame   0x00002590      0xab8 ./Drivers/STM32U5xx_HAL_Driver/Src/stm32u5xx_hal_tim_ex.o
 .debug_frame   0x00003048       0x20 C:/Users/molav/Apps/STM32CubeIDE_1.17.0/STM32CubeIDE/plugins/com.st.stm32cube.ide.mcu.externaltools.gnu-tools-for-stm32.12.3.rel1.win32_1.1.0.202410251130/tools/bin/../lib/gcc/arm-none-eabi/12.3.1/../../../../arm-none-eabi/lib/thumb/v8-m.main+fp/hard\libc_nano.a(libc_a-memset.o)
 .debug_frame   0x00003068       0x2c C:/Users/molav/Apps/STM32CubeIDE_1.17.0/STM32CubeIDE/plugins/com.st.stm32cube.ide.mcu.externaltools.gnu-tools-for-stm32.12.3.rel1.win32_1.1.0.202410251130/tools/bin/../lib/gcc/arm-none-eabi/12.3.1/../../../../arm-none-eabi/lib/thumb/v8-m.main+fp/hard\libc_nano.a(libc_a-init.o)
 .debug_frame   0x00003094       0x28 C:/Users/molav/Apps/STM32CubeIDE_1.17.0/STM32CubeIDE/plugins/com.st.stm32cube.ide.mcu.externaltools.gnu-tools-for-stm32.12.3.rel1.win32_1.1.0.202410251130/tools/bin/../lib/gcc/arm-none-eabi/12.3.1/../../../../arm-none-eabi/lib/thumb/v8-m.main+fp/hard\libc_nano.a(libc_a-memcpy-stub.o)

.debug_line_str
                0x00000000       0x72
 .debug_line_str
                0x00000000       0x72 ./Core/Startup/startup_stm32u575zitxq.o
