../Core/Src/main.c:75:5:main	96	static
../Core/Src/main.c:203:6:SystemClock_Config	128	static
../Core/Src/main.c:257:13:SystemPower_Config	8	static
../Core/Src/main.c:281:13:MX_FDCAN1_Init	8	static
../Core/Src/main.c:324:13:MX_ICACHE_Init	8	static
../Core/Src/main.c:356:13:MX_GPIO_Init	24	static
../Core/Src/main.c:372:10:crc32	40	static
../Core/Src/main.c:408:6:HAL_TIM_PeriodElapsedCallback	16	static
../Core/Src/main.c:426:6:BSP_PB_Callback	16	static
../Core/Src/main.c:438:6:Error_Handler	4	static,ignoring_inline_asm
